This file contains any messages produced by compilers while
running configure, to aid debugging if configure makes a mistake.

It was created by libtirpc configure 1.3.1, which was
generated by GNU Autoconf 2.71.  Invocation command line was

  $ ./configure CC=gcc --disable-shared --enable-static --no-create --no-recursion

## --------- ##
## Platform. ##
## --------- ##

hostname = lk
uname -m = x86_64
uname -r = 6.17.0-40-generic
uname -s = Linux
uname -v = #40~24.04.1-Ubuntu SMP PREEMPT_DYNAMIC Tue Jun 23 16:48:12 UTC 2

/usr/bin/uname -p = x86_64
/bin/uname -X     = unknown

/bin/arch              = x86_64
/usr/bin/arch -k       = unknown
/usr/convex/getsysinfo = unknown
/usr/bin/hostinfo      = unknown
/bin/machine           = unknown
/usr/bin/oslevel       = unknown
/bin/universe          = unknown

PATH: /home/lk/.npm-global/bin/
PATH: /home/lk/.npm-global/bin/
PATH: /home/lk/miniconda3/bin/
PATH: /home/lk/miniconda3/condabin/
PATH: /opt/nvidia/hpc_sdk/Linux_x86_64/26.1/comm_libs/mpi/bin/
PATH: /opt/nvidia/hpc_sdk/Linux_x86_64/26.1/compilers/bin/
PATH: /home/lk/.cargo/bin/
PATH: /home/lk/.local/bin/
PATH: /opt/intel/oneapi/vtune/2025.8/bin64/
PATH: /opt/intel/oneapi/mpi/2021.17/bin/
PATH: /opt/intel/oneapi/mkl/2025.3/bin/
PATH: /opt/intel/oneapi/ishmem/1.5/bin/
PATH: /opt/intel/oneapi/dpcpp-ct/2025.3/bin/
PATH: /opt/intel/oneapi/dev-utilities/2025.3/bin/
PATH: /opt/intel/oneapi/debugger/2025.3/opt/debugger/bin/
PATH: /opt/intel/oneapi/compiler/2025.3/bin/
PATH: /opt/intel/oneapi/advisor/2025.4/bin64/
PATH: /home/lk/.cargo/bin/
PATH: /home/lk/.local/bin/
PATH: /home/lk/.local/bin/
PATH: /usr/local/sbin/
PATH: /usr/local/bin/
PATH: /usr/sbin/
PATH: /usr/bin/
PATH: /sbin/
PATH: /bin/
PATH: /usr/games/
PATH: /usr/local/games/
PATH: /snap/bin/


## ----------- ##
## Core tests. ##
## ----------- ##

configure:2373: looking for aux files: ltmain.sh config.guess config.sub compile missing install-sh
configure:2386:  trying ./
configure:2415:   ./ltmain.sh found
configure:2415:   ./config.guess found
configure:2415:   ./config.sub found
configure:2415:   ./compile found
configure:2415:   ./missing found
configure:2397:   ./install-sh found
configure:2544: checking for a BSD-compatible install
configure:2617: result: /usr/bin/install -c
configure:2628: checking whether build environment is sane
configure:2683: result: yes
configure:2842: checking for a race-free mkdir -p
configure:2886: result: /usr/bin/mkdir -p
configure:2893: checking for gawk
configure:2928: result: no
configure:2893: checking for mawk
configure:2914: found /usr/bin/mawk
configure:2925: result: mawk
configure:2936: checking whether make sets $(MAKE)
configure:2959: result: yes
configure:2989: checking whether make supports nested variables
configure:3007: result: yes
configure:3155: checking whether make supports nested variables
configure:3173: result: yes
configure:3248: checking for gcc
configure:3280: result: gcc
configure:3633: checking for C compiler version
configure:3642: gcc --version >&5
gcc (Ubuntu 13.3.0-6ubuntu2~24.04.1) 13.3.0
Copyright (C) 2023 Free Software Foundation, Inc.
This is free software; see the source for copying conditions.  There is NO
warranty; not even for MERCHANTABILITY or FITNESS FOR A PARTICULAR PURPOSE.

configure:3653: $? = 0
configure:3642: gcc -v >&5
Using built-in specs.
COLLECT_GCC=gcc
COLLECT_LTO_WRAPPER=/usr/libexec/gcc/x86_64-linux-gnu/13/lto-wrapper
OFFLOAD_TARGET_NAMES=nvptx-none:amdgcn-amdhsa
OFFLOAD_TARGET_DEFAULT=1
Target: x86_64-linux-gnu
Configured with: ../src/configure -v --with-pkgversion='Ubuntu 13.3.0-6ubuntu2~24.04.1' --with-bugurl=file:///usr/share/doc/gcc-13/README.Bugs --enable-languages=c,ada,c++,go,d,fortran,objc,obj-c++,m2 --prefix=/usr --with-gcc-major-version-only --program-suffix=-13 --program-prefix=x86_64-linux-gnu- --enable-shared --enable-linker-build-id --libexecdir=/usr/libexec --without-included-gettext --enable-threads=posix --libdir=/usr/lib --enable-nls --enable-bootstrap --enable-clocale=gnu --enable-libstdcxx-debug --enable-libstdcxx-time=yes --with-default-libstdcxx-abi=new --enable-libstdcxx-backtrace --enable-gnu-unique-object --disable-vtable-verify --enable-plugin --enable-default-pie --with-system-zlib --enable-libphobos-checking=release --with-target-system-zlib=auto --enable-objc-gc=auto --enable-multiarch --disable-werror --enable-cet --with-arch-32=i686 --with-abi=m64 --with-multilib-list=m32,m64,mx32 --enable-multilib --with-tune=generic --enable-offload-targets=nvptx-none=/build/gcc-13-EldibY/gcc-13-13.3.0/debian/tmp-nvptx/usr,amdgcn-amdhsa=/build/gcc-13-EldibY/gcc-13-13.3.0/debian/tmp-gcn/usr --enable-offload-defaulted --without-cuda-driver --enable-checking=release --build=x86_64-linux-gnu --host=x86_64-linux-gnu --target=x86_64-linux-gnu --with-build-config=bootstrap-lto-lean --enable-link-serialization=2
Thread model: posix
Supported LTO compression algorithms: zlib zstd
gcc version 13.3.0 (Ubuntu 13.3.0-6ubuntu2~24.04.1) 
... rest of stderr output deleted ...
configure:3653: $? = 0
configure:3642: gcc -V >&5
gcc: error: unrecognized command-line option '-V'
gcc: fatal error: no input files
compilation terminated.
configure:3653: $? = 1
configure:3642: gcc -qversion >&5
gcc: error: unrecognized command-line option '-qversion'; did you mean '--version'?
gcc: fatal error: no input files
compilation terminated.
configure:3653: $? = 1
configure:3642: gcc -version >&5
gcc: error: unrecognized command-line option '-version'
gcc: fatal error: no input files
compilation terminated.
configure:3653: $? = 1
configure:3673: checking whether the C compiler works
configure:3695: gcc    conftest.c  >&5
configure:3699: $? = 0
configure:3749: result: yes
configure:3752: checking for C compiler default output file name
configure:3754: result: a.out
configure:3760: checking for suffix of executables
configure:3767: gcc -o conftest    conftest.c  >&5
configure:3771: $? = 0
configure:3794: result: 
configure:3816: checking whether we are cross compiling
configure:3824: gcc -o conftest    conftest.c  >&5
configure:3828: $? = 0
configure:3835: ./conftest
configure:3839: $? = 0
configure:3854: result: no
configure:3859: checking for suffix of object files
configure:3882: gcc -c   conftest.c >&5
configure:3886: $? = 0
configure:3908: result: o
configure:3912: checking whether the compiler supports GNU C
configure:3932: gcc -c   conftest.c >&5
configure:3932: $? = 0
configure:3942: result: yes
configure:3953: checking whether gcc accepts -g
configure:3974: gcc -c -g  conftest.c >&5
configure:3974: $? = 0
configure:4018: result: yes
configure:4038: checking for gcc option to enable C11 features
configure:4053: gcc  -c -g -O2  conftest.c >&5
configure:4053: $? = 0
configure:4071: result: none needed
configure:4187: checking whether gcc understands -c and -o together
configure:4210: gcc -c conftest.c -o conftest2.o
configure:4213: $? = 0
configure:4210: gcc -c conftest.c -o conftest2.o
configure:4213: $? = 0
configure:4225: result: yes
configure:4245: checking whether make supports the include directive
configure:4260: make -f confmf.GNU && cat confinc.out
make[1]: Entering directory '/home/lk/DiFi_v1.0.0/codes/UnDiFi-2D/lib/libtirpc-1.3.1'
make[1]: Leaving directory '/home/lk/DiFi_v1.0.0/codes/UnDiFi-2D/lib/libtirpc-1.3.1'
this is the am__doit target
configure:4263: $? = 0
configure:4282: result: yes (GNU style)
configure:4308: checking dependency style of gcc
configure:4420: result: gcc3
configure:4468: checking for stdio.h
configure:4468: gcc -c -g -O2  conftest.c >&5
configure:4468: $? = 0
configure:4468: result: yes
configure:4468: checking for stdlib.h
configure:4468: gcc -c -g -O2  conftest.c >&5
configure:4468: $? = 0
configure:4468: result: yes
configure:4468: checking for string.h
configure:4468: gcc -c -g -O2  conftest.c >&5
configure:4468: $? = 0
configure:4468: result: yes
configure:4468: checking for inttypes.h
configure:4468: gcc -c -g -O2  conftest.c >&5
configure:4468: $? = 0
configure:4468: result: yes
configure:4468: checking for stdint.h
configure:4468: gcc -c -g -O2  conftest.c >&5
configure:4468: $? = 0
configure:4468: result: yes
configure:4468: checking for strings.h
configure:4468: gcc -c -g -O2  conftest.c >&5
configure:4468: $? = 0
configure:4468: result: yes
configure:4468: checking for sys/stat.h
configure:4468: gcc -c -g -O2  conftest.c >&5
configure:4468: $? = 0
configure:4468: result: yes
configure:4468: checking for sys/types.h
configure:4468: gcc -c -g -O2  conftest.c >&5
configure:4468: $? = 0
configure:4468: result: yes
configure:4468: checking for unistd.h
configure:4468: gcc -c -g -O2  conftest.c >&5
configure:4468: $? = 0
configure:4468: result: yes
configure:4493: checking for gssapi/gssapi.h
configure:4493: gcc -c -g -O2  conftest.c >&5
configure:4493: $? = 0
configure:4493: result: yes
configure:4571: checking for krb5-config
configure:4592: found /home/lk/miniconda3/bin/krb5-config
configure:4603: result: krb5-config
configure:4701: checking build system type
configure:4716: result: x86_64-pc-linux-gnu
configure:4778: checking host system type
configure:4792: result: x86_64-pc-linux-gnu
configure:4833: checking how to print strings
configure:4860: result: printf
configure:4881: checking for a sed that does not truncate output
configure:4951: result: /usr/bin/sed
configure:4969: checking for grep that handles long lines and -e
configure:5033: result: /usr/bin/grep
configure:5038: checking for egrep
configure:5106: result: /usr/bin/grep -E
configure:5111: checking for fgrep
configure:5179: result: /usr/bin/grep -F
configure:5215: checking for ld used by gcc
configure:5283: result: /usr/bin/ld
configure:5290: checking if the linker (/usr/bin/ld) is GNU ld
configure:5306: result: yes
configure:5318: checking for BSD- or MS-compatible name lister (nm)
configure:5373: result: /usr/bin/nm -B
configure:5513: checking the name lister (/usr/bin/nm -B) interface
configure:5521: gcc -c -g -O2  conftest.c >&5
configure:5524: /usr/bin/nm -B "conftest.o"
configure:5527: output
0000000000000000 B some_variable
configure:5534: result: BSD nm
configure:5537: checking whether ln -s works
configure:5541: result: yes
configure:5549: checking the maximum length of command line arguments
configure:5681: result: 1572864
configure:5729: checking how to convert x86_64-pc-linux-gnu file names to x86_64-pc-linux-gnu format
configure:5770: result: func_convert_file_noop
configure:5777: checking how to convert x86_64-pc-linux-gnu file names to toolchain format
configure:5798: result: func_convert_file_noop
configure:5805: checking for /usr/bin/ld option to reload object files
configure:5813: result: -r
configure:5892: checking for objdump
configure:5913: found /usr/bin/objdump
configure:5924: result: objdump
configure:5956: checking how to recognize dependent libraries
configure:6157: result: pass_all
configure:6247: checking for dlltool
configure:6282: result: no
configure:6312: checking how to associate runtime and link libraries
configure:6340: result: printf %s\n
configure:6405: checking for ar
configure:6426: found /usr/bin/ar
configure:6437: result: ar
configure:6474: checking for archiver @FILE support
configure:6492: gcc -c -g -O2  conftest.c >&5
configure:6492: $? = 0
configure:6496: ar cr libconftest.a @conftest.lst >&5
configure:6499: $? = 0
configure:6504: ar cr libconftest.a @conftest.lst >&5
ar: conftest.o: No such file or directory
configure:6507: $? = 1
configure:6519: result: @
configure:6582: checking for strip
configure:6603: found /usr/bin/strip
configure:6614: result: strip
configure:6691: checking for ranlib
configure:6712: found /usr/bin/ranlib
configure:6723: result: ranlib
configure:6825: checking command to parse /usr/bin/nm -B output from gcc object
configure:6979: gcc -c -g -O2  conftest.c >&5
configure:6982: $? = 0
configure:6986: /usr/bin/nm -B conftest.o | sed -n -e 's/^.*[	 ]\([ABCDGIRSTW][ABCDGIRSTW]*\)[	 ][	 ]*\([_A-Za-z][_A-Za-z0-9]*\)$/\1 \2 \2/p' | sed '/ __gnu_lto/d' > conftest.nm
configure:7052: gcc -o conftest -g -O2   conftest.c conftstm.o >&5
configure:7055: $? = 0
configure:7093: result: ok
configure:7140: checking for sysroot
configure:7171: result: no
configure:7178: checking for a working dd
configure:7222: result: /usr/bin/dd
configure:7226: checking how to truncate binary pipes
configure:7242: result: /usr/bin/dd bs=4096 count=1
configure:7379: gcc -c -g -O2  conftest.c >&5
configure:7382: $? = 0
configure:7579: checking for mt
configure:7600: found /usr/bin/mt
configure:7611: result: mt
configure:7634: checking if mt is a manifest tool
configure:7641: mt '-?'
configure:7649: result: no
configure:8375: checking for dlfcn.h
configure:8375: gcc -c -g -O2  conftest.c >&5
configure:8375: $? = 0
configure:8375: result: yes
configure:8634: checking for objdir
configure:8650: result: .libs
configure:8914: checking if gcc supports -fno-rtti -fno-exceptions
configure:8933: gcc -c -g -O2  -fno-rtti -fno-exceptions conftest.c >&5
cc1: warning: command-line option '-fno-rtti' is valid for C++/D/ObjC++ but not for C
configure:8937: $? = 0
configure:8950: result: no
configure:9314: checking for gcc option to produce PIC
configure:9322: result: -fPIC -DPIC
configure:9330: checking if gcc PIC flag -fPIC -DPIC works
configure:9349: gcc -c -g -O2  -fPIC -DPIC -DPIC conftest.c >&5
configure:9353: $? = 0
configure:9366: result: yes
configure:9395: checking if gcc static flag -static works
configure:9424: result: yes
configure:9439: checking if gcc supports -c -o file.o
configure:9461: gcc -c -g -O2  -o out/conftest2.o conftest.c >&5
configure:9465: $? = 0
configure:9487: result: yes
configure:9495: checking if gcc supports -c -o file.o
configure:9543: result: yes
configure:9576: checking whether the gcc linker (/usr/bin/ld -m elf_x86_64) supports shared libraries
configure:10846: result: yes
configure:11087: checking dynamic linker characteristics
configure:11669: gcc -o conftest -g -O2   -Wl,-rpath -Wl,/foo conftest.c  >&5
configure:11669: $? = 0
configure:11920: result: GNU/Linux ld.so
configure:12042: checking how to hardcode library paths into programs
configure:12067: result: immediate
configure:12619: checking whether stripping libraries is possible
configure:12624: result: yes
configure:12659: checking if libtool supports shared libraries
configure:12661: result: yes
configure:12664: checking whether to build shared libraries
configure:12689: result: no
configure:12692: checking whether to build static libraries
configure:12696: result: yes
configure:12736: checking for dirent.h that defines DIR
configure:12756: gcc -c -g -O2  conftest.c >&5
configure:12756: $? = 0
configure:12765: result: yes
configure:12779: checking for library containing opendir
configure:12809: gcc -o conftest -g -O2   conftest.c  >&5
configure:12809: $? = 0
configure:12829: result: none required
configure:12901: checking for arpa/inet.h
configure:12901: gcc -c -g -O2  conftest.c >&5
configure:12901: $? = 0
configure:12901: result: yes
configure:12907: checking for fcntl.h
configure:12907: gcc -c -g -O2  conftest.c >&5
configure:12907: $? = 0
configure:12907: result: yes
configure:12913: checking for libintl.h
configure:12913: gcc -c -g -O2  conftest.c >&5
configure:12913: $? = 0
configure:12913: result: yes
configure:12919: checking for limits.h
configure:12919: gcc -c -g -O2  conftest.c >&5
configure:12919: $? = 0
configure:12919: result: yes
configure:12925: checking for locale.h
configure:12925: gcc -c -g -O2  conftest.c >&5
configure:12925: $? = 0
configure:12925: result: yes
configure:12931: checking for netdb.h
configure:12931: gcc -c -g -O2  conftest.c >&5
configure:12931: $? = 0
configure:12931: result: yes
configure:12937: checking for netinet/in.h
configure:12937: gcc -c -g -O2  conftest.c >&5
configure:12937: $? = 0
configure:12937: result: yes
configure:12943: checking for stddef.h
configure:12943: gcc -c -g -O2  conftest.c >&5
configure:12943: $? = 0
configure:12943: result: yes
configure:12949: checking for stdint.h
configure:12949: result: yes
configure:12955: checking for stdlib.h
configure:12955: result: yes
configure:12961: checking for string.h
configure:12961: result: yes
configure:12967: checking for sys/ioctl.h
configure:12967: gcc -c -g -O2  conftest.c >&5
configure:12967: $? = 0
configure:12967: result: yes
configure:12973: checking for sys/param.h
configure:12973: gcc -c -g -O2  conftest.c >&5
configure:12973: $? = 0
configure:12973: result: yes
configure:12979: checking for sys/socket.h
configure:12979: gcc -c -g -O2  conftest.c >&5
configure:12979: $? = 0
configure:12979: result: yes
configure:12985: checking for sys/time.h
configure:12985: gcc -c -g -O2  conftest.c >&5
configure:12985: $? = 0
configure:12985: result: yes
configure:12991: checking for syslog.h
configure:12991: gcc -c -g -O2  conftest.c >&5
configure:12991: $? = 0
configure:12991: result: yes
configure:12997: checking for unistd.h
configure:12997: result: yes
configure:13003: checking for features.h
configure:13003: gcc -c -g -O2  conftest.c >&5
configure:13003: $? = 0
configure:13003: result: yes
configure:13009: checking for gssapi/gssapi_ext.h
configure:13009: gcc -c -g -O2  conftest.c >&5
configure:13009: $? = 0
configure:13009: result: yes
configure:13016: checking for pthread_create in -lpthread
configure:13039: gcc -o conftest -g -O2   conftest.c -lpthread   >&5
configure:13039: $? = 0
configure:13049: result: yes
configure:13059: checking for getrpcbyname
configure:13059: gcc -o conftest -g -O2   conftest.c -lpthread  >&5
configure:13059: $? = 0
configure:13059: result: yes
configure:13065: checking for getrpcbynumber
configure:13065: gcc -o conftest -g -O2   conftest.c -lpthread  >&5
configure:13065: $? = 0
configure:13065: result: yes
configure:13071: checking for setrpcent
configure:13071: gcc -o conftest -g -O2   conftest.c -lpthread  >&5
configure:13071: $? = 0
configure:13071: result: yes
configure:13077: checking for endrpcent
configure:13077: gcc -o conftest -g -O2   conftest.c -lpthread  >&5
configure:13077: $? = 0
configure:13077: result: yes
configure:13083: checking for getrpcent
configure:13083: gcc -o conftest -g -O2   conftest.c -lpthread  >&5
configure:13083: $? = 0
configure:13083: result: yes
configure:13196: checking that generated files are newer than configure
configure:13202: result: done
configure:13241: creating ./config.status

## ---------------- ##
## Cache variables. ##
## ---------------- ##

ac_cv_build=x86_64-pc-linux-gnu
ac_cv_c_compiler_gnu=yes
ac_cv_env_CC_set=set
ac_cv_env_CC_value=gcc
ac_cv_env_CFLAGS_set=
ac_cv_env_CFLAGS_value=
ac_cv_env_CPPFLAGS_set=
ac_cv_env_CPPFLAGS_value=
ac_cv_env_LDFLAGS_set=
ac_cv_env_LDFLAGS_value=
ac_cv_env_LIBS_set=
ac_cv_env_LIBS_value=
ac_cv_env_LT_SYS_LIBRARY_PATH_set=
ac_cv_env_LT_SYS_LIBRARY_PATH_value=
ac_cv_env_build_alias_set=
ac_cv_env_build_alias_value=
ac_cv_env_host_alias_set=
ac_cv_env_host_alias_value=
ac_cv_env_target_alias_set=
ac_cv_env_target_alias_value=
ac_cv_func_endrpcent=yes
ac_cv_func_getrpcbyname=yes
ac_cv_func_getrpcbynumber=yes
ac_cv_func_getrpcent=yes
ac_cv_func_setrpcent=yes
ac_cv_header_arpa_inet_h=yes
ac_cv_header_dirent_dirent_h=yes
ac_cv_header_dlfcn_h=yes
ac_cv_header_fcntl_h=yes
ac_cv_header_features_h=yes
ac_cv_header_gssapi_gssapi_ext_h=yes
ac_cv_header_gssapi_gssapi_h=yes
ac_cv_header_inttypes_h=yes
ac_cv_header_libintl_h=yes
ac_cv_header_limits_h=yes
ac_cv_header_locale_h=yes
ac_cv_header_netdb_h=yes
ac_cv_header_netinet_in_h=yes
ac_cv_header_stddef_h=yes
ac_cv_header_stdint_h=yes
ac_cv_header_stdio_h=yes
ac_cv_header_stdlib_h=yes
ac_cv_header_string_h=yes
ac_cv_header_strings_h=yes
ac_cv_header_sys_ioctl_h=yes
ac_cv_header_sys_param_h=yes
ac_cv_header_sys_socket_h=yes
ac_cv_header_sys_stat_h=yes
ac_cv_header_sys_time_h=yes
ac_cv_header_sys_types_h=yes
ac_cv_header_syslog_h=yes
ac_cv_header_unistd_h=yes
ac_cv_host=x86_64-pc-linux-gnu
ac_cv_lib_pthread_pthread_create=yes
ac_cv_objext=o
ac_cv_path_EGREP='/usr/bin/grep -E'
ac_cv_path_FGREP='/usr/bin/grep -F'
ac_cv_path_GREP=/usr/bin/grep
ac_cv_path_SED=/usr/bin/sed
ac_cv_path_install='/usr/bin/install -c'
ac_cv_path_lt_DD=/usr/bin/dd
ac_cv_path_mkdir=/usr/bin/mkdir
ac_cv_prog_AWK=mawk
ac_cv_prog_ac_ct_AR=ar
ac_cv_prog_ac_ct_CC=gcc
ac_cv_prog_ac_ct_KRB5_CONFIG=krb5-config
ac_cv_prog_ac_ct_MANIFEST_TOOL=mt
ac_cv_prog_ac_ct_OBJDUMP=objdump
ac_cv_prog_ac_ct_RANLIB=ranlib
ac_cv_prog_ac_ct_STRIP=strip
ac_cv_prog_cc_c11=
ac_cv_prog_cc_g=yes
ac_cv_prog_cc_stdc=
ac_cv_prog_make_make_set=yes
ac_cv_search_opendir='none required'
am_cv_CC_dependencies_compiler_type=gcc3
am_cv_make_support_nested_variables=yes
am_cv_prog_cc_c_o=yes
lt_cv_ar_at_file=@
lt_cv_deplibs_check_method=pass_all
lt_cv_file_magic_cmd='$MAGIC_CMD'
lt_cv_file_magic_test_file=
lt_cv_ld_reload_flag=-r
lt_cv_nm_interface='BSD nm'
lt_cv_objdir=.libs
lt_cv_path_LD=/usr/bin/ld
lt_cv_path_NM='/usr/bin/nm -B'
lt_cv_path_mainfest_tool=no
lt_cv_prog_compiler_c_o=yes
lt_cv_prog_compiler_pic='-fPIC -DPIC'
lt_cv_prog_compiler_pic_works=yes
lt_cv_prog_compiler_rtti_exceptions=no
lt_cv_prog_compiler_static_works=yes
lt_cv_prog_gnu_ld=yes
lt_cv_sharedlib_from_linklib_cmd='printf %s\n'
lt_cv_shlibpath_overrides_runpath=yes
lt_cv_sys_global_symbol_pipe='sed -n -e '\''s/^.*[	 ]\([ABCDGIRSTW][ABCDGIRSTW]*\)[	 ][	 ]*\([_A-Za-z][_A-Za-z0-9]*\)$/\1 \2 \2/p'\'' | sed '\''/ __gnu_lto/d'\'''
lt_cv_sys_global_symbol_to_c_name_address='sed -n -e '\''s/^: \(.*\) .*$/  {"\1", (void *) 0},/p'\'' -e '\''s/^[ABCDGIRSTW][ABCDGIRSTW]* .* \(.*\)$/  {"\1", (void *) \&\1},/p'\'''
lt_cv_sys_global_symbol_to_c_name_address_lib_prefix='sed -n -e '\''s/^: \(.*\) .*$/  {"\1", (void *) 0},/p'\'' -e '\''s/^[ABCDGIRSTW][ABCDGIRSTW]* .* \(lib.*\)$/  {"\1", (void *) \&\1},/p'\'' -e '\''s/^[ABCDGIRSTW][ABCDGIRSTW]* .* \(.*\)$/  {"lib\1", (void *) \&\1},/p'\'''
lt_cv_sys_global_symbol_to_cdecl='sed -n -e '\''s/^T .* \(.*\)$/extern int \1();/p'\'' -e '\''s/^[ABCDGIRSTW][ABCDGIRSTW]* .* \(.*\)$/extern char \1;/p'\'''
lt_cv_sys_global_symbol_to_import=
lt_cv_sys_max_cmd_len=1572864
lt_cv_to_host_file_cmd=func_convert_file_noop
lt_cv_to_tool_file_cmd=func_convert_file_noop
lt_cv_truncate_bin='/usr/bin/dd bs=4096 count=1'

## ----------------- ##
## Output variables. ##
## ----------------- ##

ACLOCAL='${SHELL} '\''/home/lk/DiFi_v1.0.0/codes/UnDiFi-2D/lib/libtirpc-1.3.1/missing'\'' aclocal-1.16'
AMDEPBACKSLASH='\'
AMDEP_FALSE='#'
AMDEP_TRUE=''
AMTAR='$${TAR-tar}'
AM_BACKSLASH='\'
AM_DEFAULT_V='$(AM_DEFAULT_VERBOSITY)'
AM_DEFAULT_VERBOSITY='0'
AM_V='$(V)'
AR='ar'
AUTHDES_FALSE=''
AUTHDES_TRUE='#'
AUTOCONF='${SHELL} '\''/home/lk/DiFi_v1.0.0/codes/UnDiFi-2D/lib/libtirpc-1.3.1/missing'\'' autoconf'
AUTOHEADER='${SHELL} '\''/home/lk/DiFi_v1.0.0/codes/UnDiFi-2D/lib/libtirpc-1.3.1/missing'\'' autoheader'
AUTOMAKE='${SHELL} '\''/home/lk/DiFi_v1.0.0/codes/UnDiFi-2D/lib/libtirpc-1.3.1/missing'\'' automake-1.16'
AWK='mawk'
CC='gcc'
CCDEPMODE='depmode=gcc3'
CFLAGS='-g -O2'
CPPFLAGS=''
CSCOPE='cscope'
CTAGS='ctags'
CYGPATH_W='echo'
DEFS='-DHAVE_CONFIG_H'
DEPDIR='.deps'
DLLTOOL='false'
DSYMUTIL=''
DUMPBIN=''
ECHO_C=''
ECHO_N='-n'
ECHO_T=''
EGREP='/usr/bin/grep -E'
ETAGS='etags'
EXEEXT=''
FGREP='/usr/bin/grep -F'
GREP='/usr/bin/grep'
GSSAPI_CFLAGS='-I/home/lk/miniconda3/include'
GSSAPI_LIBS='-L/home/lk/miniconda3/lib -lgssapi_krb5 -lkrb5 -lk5crypto -lcom_err'
GSS_FALSE='#'
GSS_TRUE=''
INET6_FALSE='#'
INET6_TRUE=''
INSTALL_DATA='${INSTALL} -m 644'
INSTALL_PROGRAM='${INSTALL}'
INSTALL_SCRIPT='${INSTALL}'
INSTALL_STRIP_PROGRAM='$(install_sh) -c -s'
KRB5_CONFIG='krb5-config'
LD='/usr/bin/ld -m elf_x86_64'
LDFLAGS=''
LDFLAG_NOUNDEFINED='-Wl,--no-undefined'
LIBOBJS=''
LIBS='-lpthread '
LIBTOOL='$(SHELL) $(top_builddir)/libtool'
LIPO=''
LN_S='ln -s'
LTLIBOBJS=''
LT_SYS_LIBRARY_PATH=''
LT_VERSION_INFO='3:0:0'
MAKEINFO='${SHELL} '\''/home/lk/DiFi_v1.0.0/codes/UnDiFi-2D/lib/libtirpc-1.3.1/missing'\'' makeinfo'
MANIFEST_TOOL=':'
MKDIR_P='/usr/bin/mkdir -p'
NM='/usr/bin/nm -B'
NMEDIT=''
OBJDUMP='objdump'
OBJEXT='o'
OTOOL64=''
OTOOL=''
PACKAGE='libtirpc'
PACKAGE_BUGREPORT=''
PACKAGE_NAME='libtirpc'
PACKAGE_STRING='libtirpc 1.3.1'
PACKAGE_TARNAME='libtirpc'
PACKAGE_URL=''
PACKAGE_VERSION='1.3.1'
PATH_SEPARATOR=':'
RANLIB='ranlib'
SED='/usr/bin/sed'
SET_MAKE=''
SHELL='/bin/bash'
STRIP='strip'
SYMVERS_FALSE='#'
SYMVERS_TRUE=''
VERSION='1.3.1'
ac_ct_AR='ar'
ac_ct_CC='gcc'
ac_ct_DUMPBIN=''
am__EXEEXT_FALSE=''
am__EXEEXT_TRUE='#'
am__fastdepCC_FALSE='#'
am__fastdepCC_TRUE=''
am__include='include'
am__isrc=''
am__leading_dot='.'
am__nodep='_no'
am__quote=''
am__tar='$${TAR-tar} chof - "$$tardir"'
am__untar='$${TAR-tar} xf -'
bindir='${exec_prefix}/bin'
build='x86_64-pc-linux-gnu'
build_alias=''
build_cpu='x86_64'
build_os='linux-gnu'
build_vendor='pc'
datadir='${datarootdir}'
datarootdir='${prefix}/share'
docdir='${datarootdir}/doc/${PACKAGE_TARNAME}'
dvidir='${docdir}'
exec_prefix='${prefix}'
host='x86_64-pc-linux-gnu'
host_alias=''
host_cpu='x86_64'
host_os='linux-gnu'
host_vendor='pc'
htmldir='${docdir}'
includedir='${prefix}/include'
infodir='${datarootdir}/info'
install_sh='${SHELL} /home/lk/DiFi_v1.0.0/codes/UnDiFi-2D/lib/libtirpc-1.3.1/install-sh'
libdir='${exec_prefix}/lib'
libexecdir='${exec_prefix}/libexec'
localedir='${datarootdir}/locale'
localstatedir='${prefix}/var'
mandir='${datarootdir}/man'
mkdir_p='$(MKDIR_P)'
oldincludedir='/usr/include'
pdfdir='${docdir}'
prefix='/usr'
program_transform_name='s,x,x,'
psdir='${docdir}'
runstatedir='${localstatedir}/run'
sbindir='${exec_prefix}/sbin'
sharedstatedir='${prefix}/com'
sysconfdir='${prefix}/etc'
target_alias=''

## ----------- ##
## confdefs.h. ##
## ----------- ##

/* confdefs.h */
#define PACKAGE_NAME "libtirpc"
#define PACKAGE_TARNAME "libtirpc"
#define PACKAGE_VERSION "1.3.1"
#define PACKAGE_STRING "libtirpc 1.3.1"
#define PACKAGE_BUGREPORT ""
#define PACKAGE_URL ""
#define PACKAGE "libtirpc"
#define VERSION "1.3.1"
#define HAVE_STDIO_H 1
#define HAVE_STDLIB_H 1
#define HAVE_STRING_H 1
#define HAVE_INTTYPES_H 1
#define HAVE_STDINT_H 1
#define HAVE_STRINGS_H 1
#define HAVE_SYS_STAT_H 1
#define HAVE_SYS_TYPES_H 1
#define HAVE_UNISTD_H 1
#define STDC_HEADERS 1
#define INET6 1
#define HAVE_DLFCN_H 1
#define LT_OBJDIR ".libs/"
#define HAVE_DIRENT_H 1
#define HAVE_ARPA_INET_H 1
#define HAVE_FCNTL_H 1
#define HAVE_LIBINTL_H 1
#define HAVE_LIMITS_H 1
#define HAVE_LOCALE_H 1
#define HAVE_NETDB_H 1
#define HAVE_NETINET_IN_H 1
#define HAVE_STDDEF_H 1
#define HAVE_STDINT_H 1
#define HAVE_STDLIB_H 1
#define HAVE_STRING_H 1
#define HAVE_SYS_IOCTL_H 1
#define HAVE_SYS_PARAM_H 1
#define HAVE_SYS_SOCKET_H 1
#define HAVE_SYS_TIME_H 1
#define HAVE_SYSLOG_H 1
#define HAVE_UNISTD_H 1
#define HAVE_FEATURES_H 1
#define HAVE_GSSAPI_GSSAPI_EXT_H 1
#define HAVE_LIBPTHREAD 1
#define HAVE_GETRPCBYNAME 1
#define HAVE_GETRPCBYNUMBER 1
#define HAVE_SETRPCENT 1
#define HAVE_ENDRPCENT 1
#define HAVE_GETRPCENT 1

configure: exit 0

## ---------------------- ##
## Running config.status. ##
## ---------------------- ##

This file was extended by libtirpc config.status 1.3.1, which was
generated by GNU Autoconf 2.71.  Invocation command line was

  CONFIG_FILES    = 
  CONFIG_HEADERS  = 
  CONFIG_LINKS    = 
  CONFIG_COMMANDS = 
  $ ./config.status 

on lk

config.status:1123: creating Makefile
config.status:1123: creating src/Makefile
config.status:1123: creating man/Makefile
config.status:1123: creating doc/Makefile
config.status:1123: creating libtirpc.pc
config.status:1123: creating config.h
config.status:1352: executing depfiles commands
config.status:1429: cd src       && sed -e '/# am--include-marker/d' Makefile         | make -f - am--depfiles
make[1]: Entering directory '/home/lk/DiFi_v1.0.0/codes/UnDiFi-2D/lib/libtirpc-1.3.1/src'
make[1]: Nothing to be done for 'am--depfiles'.
make[1]: Leaving directory '/home/lk/DiFi_v1.0.0/codes/UnDiFi-2D/lib/libtirpc-1.3.1/src'
config.status:1434: $? = 0
config.status:1352: executing libtool commands

## ---------------------- ##
## Running config.status. ##
## ---------------------- ##

This file was extended by libtirpc config.status 1.3.1, which was
generated by GNU Autoconf 2.71.  Invocation command line was

  CONFIG_FILES    = 
  CONFIG_HEADERS  = 
  CONFIG_LINKS    = 
  CONFIG_COMMANDS = 
  $ ./config.status config.h

on lk

config.status:1123: creating config.h
